====================================
ERROR(12): Syntax error, unexpected "while".
ERROR(13): Syntax error, unexpected ';'.
ERROR(16): Syntax error, unexpected ';'.
ERROR(5): Syntax error, unexpected "while".
ERROR(6): Syntax error, unexpected ';'.
ERROR(8): Syntax error, unexpected "while".
ERROR(9): Syntax error, unexpected ';'.
FILE: syntaxerr-unary.c-
Number of errors: 7
Number of warnings: 0
